[6.411s] Invoking command in '/home/radxa/MyDroid/ros2_ws/build/visual_following_car': PYTHONPATH=/home/radxa/MyDroid/ros2_ws/build/visual_following_car/prefix_override:/usr/lib/python3/dist-packages/colcon_core/task/python/colcon_distutils_commands:/home/radxa/MyDroid/ros2_ws/install/visual_following_car/lib/python3.10/site-packages:${PYTHONPATH} /usr/bin/python3 -W ignore:setup.py install is deprecated -W ignore:easy_install command is deprecated setup.py develop --editable --build-directory /home/radxa/MyDroid/ros2_ws/build/visual_following_car/build --no-deps symlink_data
[9.668s] running develop
[11.165s] running egg_info
[11.171s] writing visual_following_car.egg-info/PKG-INFO
[11.176s] writing dependency_links to visual_following_car.egg-info/dependency_links.txt
[11.177s] writing entry points to visual_following_car.egg-info/entry_points.txt
[11.179s] writing requirements to visual_following_car.egg-info/requires.txt
[11.180s] writing top-level names to visual_following_car.egg-info/top_level.txt
[11.199s] reading manifest file 'visual_following_car.egg-info/SOURCES.txt'
[11.209s] writing manifest file 'visual_following_car.egg-info/SOURCES.txt'
[11.228s] running build_ext
[11.231s] Creating /home/radxa/MyDroid/ros2_ws/install/visual_following_car/lib/python3.10/site-packages/visual-following-car.egg-link (link to .)
[11.241s] Installing joy_teleop_node script to /home/radxa/MyDroid/ros2_ws/install/visual_following_car/lib/visual_following_car
[11.244s] Installing mock_serial_bridge script to /home/radxa/MyDroid/ros2_ws/install/visual_following_car/lib/visual_following_car
[11.246s] Installing serial_bridge_node script to /home/radxa/MyDroid/ros2_ws/install/visual_following_car/lib/visual_following_car
[11.247s] Installing visual_follower_node script to /home/radxa/MyDroid/ros2_ws/install/visual_following_car/lib/visual_following_car
[11.249s] Installing yolo_detection_node script to /home/radxa/MyDroid/ros2_ws/install/visual_following_car/lib/visual_following_car
[11.251s] 
[11.252s] Installed /home/radxa/MyDroid/ros2_ws/build/visual_following_car
[11.253s] running symlink_data
[11.598s] Invoked command in '/home/radxa/MyDroid/ros2_ws/build/visual_following_car' returned '0': PYTHONPATH=/home/radxa/MyDroid/ros2_ws/build/visual_following_car/prefix_override:/usr/lib/python3/dist-packages/colcon_core/task/python/colcon_distutils_commands:/home/radxa/MyDroid/ros2_ws/install/visual_following_car/lib/python3.10/site-packages:${PYTHONPATH} /usr/bin/python3 -W ignore:setup.py install is deprecated -W ignore:easy_install command is deprecated setup.py develop --editable --build-directory /home/radxa/MyDroid/ros2_ws/build/visual_following_car/build --no-deps symlink_data
