[1.247s] DEBUG:colcon:Command line arguments: ['/usr/bin/colcon', 'build', '--symlink-install']
[1.249s] DEBUG:colcon:Parsed command line arguments: Namespace(log_base=None, log_level=None, verb_name='build', build_base='build', install_base='install', merge_install=False, symlink_install=True, test_result_base=None, continue_on_error=False, executor='parallel', parallel_workers=4, event_handlers=None, ignore_user_meta=False, metas=['./colcon.meta'], base_paths=['.'], packages_ignore=None, packages_ignore_regex=None, paths=None, packages_up_to=None, packages_up_to_regex=None, packages_above=None, packages_above_and_dependencies=None, packages_above_depth=None, packages_select_by_dep=None, packages_skip_by_dep=None, packages_skip_up_to=None, packages_select_build_failed=False, packages_skip_build_finished=False, packages_select_test_failures=False, packages_skip_test_passed=False, packages_select=None, packages_skip=None, packages_select_regex=None, packages_skip_regex=None, packages_start=None, packages_end=None, allow_overriding=[], cmake_args=None, cmake_target=None, cmake_target_skip_unavailable=False, cmake_clean_cache=False, cmake_clean_first=False, cmake_force_configure=False, ament_cmake_args=None, catkin_cmake_args=None, catkin_skip_building_tests=False, verb_parser=<colcon_defaults.argument_parser.defaults.DefaultArgumentsDecorator object at 0xffffb3e9ae90>, verb_extension=<colcon_core.verb.build.BuildVerb object at 0xffffb3e9a980>, main=<bound method BuildVerb.main of <colcon_core.verb.build.BuildVerb object at 0xffffb3e9a980>>)
[3.461s] Level 1:colcon.colcon_core.package_discovery:discover_packages(colcon_meta) check parameters
[3.463s] Level 1:colcon.colcon_core.package_discovery:discover_packages(recursive) check parameters
[3.464s] Level 1:colcon.colcon_core.package_discovery:discover_packages(ignore) check parameters
[3.464s] Level 1:colcon.colcon_core.package_discovery:discover_packages(path) check parameters
[3.464s] Level 1:colcon.colcon_core.package_discovery:discover_packages(colcon_meta) discover
[3.466s] Level 1:colcon.colcon_core.package_discovery:discover_packages(recursive) discover
[3.466s] INFO:colcon.colcon_core.package_discovery:Crawling recursively for packages in '/home/radxa/MyDroid/ros2_ws'
[3.468s] Level 1:colcon.colcon_core.package_identification:_identify(.) by extensions ['ignore', 'ignore_ament_install']
[3.469s] Level 1:colcon.colcon_core.package_identification:_identify(.) by extension 'ignore'
[3.470s] Level 1:colcon.colcon_core.package_identification:_identify(.) by extension 'ignore_ament_install'
[3.472s] Level 1:colcon.colcon_core.package_identification:_identify(.) by extensions ['colcon_pkg']
[3.473s] Level 1:colcon.colcon_core.package_identification:_identify(.) by extension 'colcon_pkg'
[3.474s] Level 1:colcon.colcon_core.package_identification:_identify(.) by extensions ['colcon_meta']
[3.474s] Level 1:colcon.colcon_core.package_identification:_identify(.) by extension 'colcon_meta'
[3.475s] Level 1:colcon.colcon_core.package_identification:_identify(.) by extensions ['ros']
[3.476s] Level 1:colcon.colcon_core.package_identification:_identify(.) by extension 'ros'
[3.621s] Level 1:colcon.colcon_core.package_identification:_identify(.) by extensions ['cmake', 'python']
[3.622s] Level 1:colcon.colcon_core.package_identification:_identify(.) by extension 'cmake'
[3.623s] Level 1:colcon.colcon_core.package_identification:_identify(.) by extension 'python'
[3.623s] Level 1:colcon.colcon_core.package_identification:_identify(.) by extensions ['python_setup_py']
[3.624s] Level 1:colcon.colcon_core.package_identification:_identify(.) by extension 'python_setup_py'
[3.625s] Level 1:colcon.colcon_core.package_identification:_identify(build) by extensions ['ignore', 'ignore_ament_install']
[3.626s] Level 1:colcon.colcon_core.package_identification:_identify(build) by extension 'ignore'
[3.627s] Level 1:colcon.colcon_core.package_identification:_identify(build) ignored
[3.628s] Level 1:colcon.colcon_core.package_identification:_identify(install) by extensions ['ignore', 'ignore_ament_install']
[3.630s] Level 1:colcon.colcon_core.package_identification:_identify(install) by extension 'ignore'
[3.630s] Level 1:colcon.colcon_core.package_identification:_identify(install) ignored
[3.631s] Level 1:colcon.colcon_core.package_identification:_identify(log) by extensions ['ignore', 'ignore_ament_install']
[3.632s] Level 1:colcon.colcon_core.package_identification:_identify(log) by extension 'ignore'
[3.633s] Level 1:colcon.colcon_core.package_identification:_identify(log) ignored
[3.634s] Level 1:colcon.colcon_core.package_identification:_identify(src) by extensions ['ignore', 'ignore_ament_install']
[3.635s] Level 1:colcon.colcon_core.package_identification:_identify(src) by extension 'ignore'
[3.636s] Level 1:colcon.colcon_core.package_identification:_identify(src) by extension 'ignore_ament_install'
[3.637s] Level 1:colcon.colcon_core.package_identification:_identify(src) by extensions ['colcon_pkg']
[3.637s] Level 1:colcon.colcon_core.package_identification:_identify(src) by extension 'colcon_pkg'
[3.638s] Level 1:colcon.colcon_core.package_identification:_identify(src) by extensions ['colcon_meta']
[3.638s] Level 1:colcon.colcon_core.package_identification:_identify(src) by extension 'colcon_meta'
[3.639s] Level 1:colcon.colcon_core.package_identification:_identify(src) by extensions ['ros']
[3.639s] Level 1:colcon.colcon_core.package_identification:_identify(src) by extension 'ros'
[3.640s] Level 1:colcon.colcon_core.package_identification:_identify(src) by extensions ['cmake', 'python']
[3.641s] Level 1:colcon.colcon_core.package_identification:_identify(src) by extension 'cmake'
[3.641s] Level 1:colcon.colcon_core.package_identification:_identify(src) by extension 'python'
[3.642s] Level 1:colcon.colcon_core.package_identification:_identify(src) by extensions ['python_setup_py']
[3.643s] Level 1:colcon.colcon_core.package_identification:_identify(src) by extension 'python_setup_py'
[3.644s] Level 1:colcon.colcon_core.package_identification:_identify(src/visual_following_car) by extensions ['ignore', 'ignore_ament_install']
[3.645s] Level 1:colcon.colcon_core.package_identification:_identify(src/visual_following_car) by extension 'ignore'
[3.646s] Level 1:colcon.colcon_core.package_identification:_identify(src/visual_following_car) by extension 'ignore_ament_install'
[3.647s] Level 1:colcon.colcon_core.package_identification:_identify(src/visual_following_car) by extensions ['colcon_pkg']
[3.647s] Level 1:colcon.colcon_core.package_identification:_identify(src/visual_following_car) by extension 'colcon_pkg'
[3.648s] Level 1:colcon.colcon_core.package_identification:_identify(src/visual_following_car) by extensions ['colcon_meta']
[3.649s] Level 1:colcon.colcon_core.package_identification:_identify(src/visual_following_car) by extension 'colcon_meta'
[3.649s] Level 1:colcon.colcon_core.package_identification:_identify(src/visual_following_car) by extensions ['ros']
[3.650s] Level 1:colcon.colcon_core.package_identification:_identify(src/visual_following_car) by extension 'ros'
[3.681s] DEBUG:colcon.colcon_core.package_identification:Package 'src/visual_following_car' with type 'ros.ament_python' and name 'visual_following_car'
[3.682s] Level 1:colcon.colcon_core.package_discovery:discover_packages(recursive) using defaults
[3.682s] Level 1:colcon.colcon_core.package_discovery:discover_packages(ignore) discover
[3.683s] Level 1:colcon.colcon_core.package_discovery:discover_packages(ignore) using defaults
[3.683s] Level 1:colcon.colcon_core.package_discovery:discover_packages(path) discover
[3.683s] Level 1:colcon.colcon_core.package_discovery:discover_packages(path) using defaults
[3.935s] Level 1:colcon.colcon_core.package_discovery:discover_packages(prefix_path) check parameters
[3.936s] Level 1:colcon.colcon_core.package_discovery:discover_packages(prefix_path) discover
[3.965s] DEBUG:colcon.colcon_installed_package_information.package_discovery:Found 273 installed packages in /opt/ros/humble
[3.977s] Level 1:colcon.colcon_core.package_discovery:discover_packages(prefix_path) using defaults
[4.829s] Level 5:colcon.colcon_core.verb:set package 'visual_following_car' build argument 'cmake_args' from command line to 'None'
[4.830s] Level 5:colcon.colcon_core.verb:set package 'visual_following_car' build argument 'cmake_target' from command line to 'None'
[4.830s] Level 5:colcon.colcon_core.verb:set package 'visual_following_car' build argument 'cmake_target_skip_unavailable' from command line to 'False'
[4.831s] Level 5:colcon.colcon_core.verb:set package 'visual_following_car' build argument 'cmake_clean_cache' from command line to 'False'
[4.831s] Level 5:colcon.colcon_core.verb:set package 'visual_following_car' build argument 'cmake_clean_first' from command line to 'False'
[4.831s] Level 5:colcon.colcon_core.verb:set package 'visual_following_car' build argument 'cmake_force_configure' from command line to 'False'
[4.831s] Level 5:colcon.colcon_core.verb:set package 'visual_following_car' build argument 'ament_cmake_args' from command line to 'None'
[4.831s] Level 5:colcon.colcon_core.verb:set package 'visual_following_car' build argument 'catkin_cmake_args' from command line to 'None'
[4.831s] Level 5:colcon.colcon_core.verb:set package 'visual_following_car' build argument 'catkin_skip_building_tests' from command line to 'False'
[4.832s] DEBUG:colcon.colcon_core.verb:Building package 'visual_following_car' with the following arguments: {'ament_cmake_args': None, 'build_base': '/home/radxa/MyDroid/ros2_ws/build/visual_following_car', 'catkin_cmake_args': None, 'catkin_skip_building_tests': False, 'cmake_args': None, 'cmake_clean_cache': False, 'cmake_clean_first': False, 'cmake_force_configure': False, 'cmake_target': None, 'cmake_target_skip_unavailable': False, 'install_base': '/home/radxa/MyDroid/ros2_ws/install/visual_following_car', 'merge_install': False, 'path': '/home/radxa/MyDroid/ros2_ws/src/visual_following_car', 'symlink_install': True, 'test_result_base': None}
[4.833s] INFO:colcon.colcon_core.executor:Executing jobs using 'parallel' executor
[4.839s] DEBUG:colcon.colcon_parallel_executor.executor.parallel:run_until_complete
[4.841s] INFO:colcon.colcon_ros.task.ament_python.build:Building ROS package in '/home/radxa/MyDroid/ros2_ws/src/visual_following_car' with build type 'ament_python'
[4.843s] Level 1:colcon.colcon_core.shell:create_environment_hook('visual_following_car', 'ament_prefix_path')
[4.881s] INFO:colcon.colcon_core.plugin_system:Skipping extension 'colcon_core.shell.bat': Not used on non-Windows systems
[4.882s] INFO:colcon.colcon_core.shell:Creating environment hook '/home/radxa/MyDroid/ros2_ws/install/visual_following_car/share/visual_following_car/hook/ament_prefix_path.ps1'
[4.890s] INFO:colcon.colcon_core.shell:Creating environment descriptor '/home/radxa/MyDroid/ros2_ws/install/visual_following_car/share/visual_following_car/hook/ament_prefix_path.dsv'
[4.895s] INFO:colcon.colcon_core.shell:Creating environment hook '/home/radxa/MyDroid/ros2_ws/install/visual_following_car/share/visual_following_car/hook/ament_prefix_path.sh'
[4.903s] INFO:colcon.colcon_core.shell:Skip shell extension 'powershell' for command environment: Not usable outside of PowerShell
[4.903s] DEBUG:colcon.colcon_core.shell:Skip shell extension 'dsv' for command environment
[7.148s] INFO:colcon.colcon_core.task.python.build:Building Python package in '/home/radxa/MyDroid/ros2_ws/src/visual_following_car'
[7.151s] INFO:colcon.colcon_core.shell:Skip shell extension 'powershell' for command environment: Not usable outside of PowerShell
[7.151s] DEBUG:colcon.colcon_core.shell:Skip shell extension 'dsv' for command environment
[10.483s] DEBUG:colcon.colcon_core.event_handler.log_command:Invoking command in '/home/radxa/MyDroid/ros2_ws/build/visual_following_car': PYTHONPATH=/home/radxa/MyDroid/ros2_ws/build/visual_following_car/prefix_override:/usr/lib/python3/dist-packages/colcon_core/task/python/colcon_distutils_commands:/home/radxa/MyDroid/ros2_ws/install/visual_following_car/lib/python3.10/site-packages:${PYTHONPATH} VIRTUAL_ENV_PROMPT=(.venv) /usr/bin/python3 -W ignore:setup.py install is deprecated -W ignore:easy_install command is deprecated setup.py develop --editable --build-directory /home/radxa/MyDroid/ros2_ws/build/visual_following_car/build --no-deps symlink_data
[16.419s] Level 1:colcon.colcon_core.shell:create_environment_hook('visual_following_car', 'pythonpath_develop')
[16.422s] INFO:colcon.colcon_core.shell:Creating environment hook '/home/radxa/MyDroid/ros2_ws/build/visual_following_car/share/visual_following_car/hook/pythonpath_develop.ps1'
[16.431s] DEBUG:colcon.colcon_core.event_handler.log_command:Invoked command in '/home/radxa/MyDroid/ros2_ws/build/visual_following_car' returned '0': PYTHONPATH=/home/radxa/MyDroid/ros2_ws/build/visual_following_car/prefix_override:/usr/lib/python3/dist-packages/colcon_core/task/python/colcon_distutils_commands:/home/radxa/MyDroid/ros2_ws/install/visual_following_car/lib/python3.10/site-packages:${PYTHONPATH} VIRTUAL_ENV_PROMPT=(.venv) /usr/bin/python3 -W ignore:setup.py install is deprecated -W ignore:easy_install command is deprecated setup.py develop --editable --build-directory /home/radxa/MyDroid/ros2_ws/build/visual_following_car/build --no-deps symlink_data
[16.433s] INFO:colcon.colcon_core.shell:Creating environment descriptor '/home/radxa/MyDroid/ros2_ws/build/visual_following_car/share/visual_following_car/hook/pythonpath_develop.dsv'
[16.438s] INFO:colcon.colcon_core.shell:Creating environment hook '/home/radxa/MyDroid/ros2_ws/build/visual_following_car/share/visual_following_car/hook/pythonpath_develop.sh'
[16.503s] Level 1:colcon.colcon_core.environment:checking '/home/radxa/MyDroid/ros2_ws/install/visual_following_car' for CMake module files
[16.508s] Level 1:colcon.colcon_core.environment:checking '/home/radxa/MyDroid/ros2_ws/install/visual_following_car' for CMake config files
[16.517s] Level 1:colcon.colcon_core.environment:checking '/home/radxa/MyDroid/ros2_ws/install/visual_following_car/lib'
[16.520s] Level 1:colcon.colcon_core.environment:checking '/home/radxa/MyDroid/ros2_ws/install/visual_following_car/bin'
[16.522s] Level 1:colcon.colcon_core.environment:checking '/home/radxa/MyDroid/ros2_ws/install/visual_following_car/lib/pkgconfig/visual_following_car.pc'
[16.525s] Level 1:colcon.colcon_core.environment:checking '/home/radxa/MyDroid/ros2_ws/install/visual_following_car/lib/python3.10/site-packages'
[16.526s] Level 1:colcon.colcon_core.shell:create_environment_hook('visual_following_car', 'pythonpath')
[16.529s] INFO:colcon.colcon_core.shell:Creating environment hook '/home/radxa/MyDroid/ros2_ws/install/visual_following_car/share/visual_following_car/hook/pythonpath.ps1'
[16.534s] INFO:colcon.colcon_core.shell:Creating environment descriptor '/home/radxa/MyDroid/ros2_ws/install/visual_following_car/share/visual_following_car/hook/pythonpath.dsv'
[16.539s] INFO:colcon.colcon_core.shell:Creating environment hook '/home/radxa/MyDroid/ros2_ws/install/visual_following_car/share/visual_following_car/hook/pythonpath.sh'
[16.548s] Level 1:colcon.colcon_core.environment:checking '/home/radxa/MyDroid/ros2_ws/install/visual_following_car/bin'
[16.549s] Level 1:colcon.colcon_core.environment:create_environment_scripts_only(visual_following_car)
[16.553s] INFO:colcon.colcon_core.shell:Creating package script '/home/radxa/MyDroid/ros2_ws/install/visual_following_car/share/visual_following_car/package.ps1'
[16.573s] INFO:colcon.colcon_core.shell:Creating package descriptor '/home/radxa/MyDroid/ros2_ws/install/visual_following_car/share/visual_following_car/package.dsv'
[16.582s] INFO:colcon.colcon_core.shell:Creating package script '/home/radxa/MyDroid/ros2_ws/install/visual_following_car/share/visual_following_car/package.sh'
[16.596s] INFO:colcon.colcon_core.shell:Creating package script '/home/radxa/MyDroid/ros2_ws/install/visual_following_car/share/visual_following_car/package.bash'
[16.608s] INFO:colcon.colcon_core.shell:Creating package script '/home/radxa/MyDroid/ros2_ws/install/visual_following_car/share/visual_following_car/package.zsh'
[16.620s] Level 1:colcon.colcon_core.environment:create_file_with_runtime_dependencies(/home/radxa/MyDroid/ros2_ws/install/visual_following_car/share/colcon-core/packages/visual_following_car)
[16.626s] DEBUG:colcon.colcon_parallel_executor.executor.parallel:closing loop
[16.628s] DEBUG:colcon.colcon_parallel_executor.executor.parallel:loop closed
[16.630s] DEBUG:colcon.colcon_parallel_executor.executor.parallel:run_until_complete finished with '0'
[16.631s] DEBUG:colcon.colcon_core.event_reactor:joining thread
[16.635s] DEBUG:colcon.colcon_core.event_reactor:joined thread
[16.638s] INFO:colcon.colcon_core.shell:Creating prefix script '/home/radxa/MyDroid/ros2_ws/install/local_setup.ps1'
[16.651s] INFO:colcon.colcon_core.shell:Creating prefix util module '/home/radxa/MyDroid/ros2_ws/install/_local_setup_util_ps1.py'
[16.667s] INFO:colcon.colcon_core.shell:Creating prefix chain script '/home/radxa/MyDroid/ros2_ws/install/setup.ps1'
[16.681s] INFO:colcon.colcon_core.shell:Creating prefix script '/home/radxa/MyDroid/ros2_ws/install/local_setup.sh'
[16.689s] INFO:colcon.colcon_core.shell:Creating prefix util module '/home/radxa/MyDroid/ros2_ws/install/_local_setup_util_sh.py'
[16.695s] INFO:colcon.colcon_core.shell:Creating prefix chain script '/home/radxa/MyDroid/ros2_ws/install/setup.sh'
[16.708s] INFO:colcon.colcon_core.shell:Creating prefix script '/home/radxa/MyDroid/ros2_ws/install/local_setup.bash'
[16.716s] INFO:colcon.colcon_core.shell:Creating prefix chain script '/home/radxa/MyDroid/ros2_ws/install/setup.bash'
[16.729s] INFO:colcon.colcon_core.shell:Creating prefix script '/home/radxa/MyDroid/ros2_ws/install/local_setup.zsh'
[16.737s] INFO:colcon.colcon_core.shell:Creating prefix chain script '/home/radxa/MyDroid/ros2_ws/install/setup.zsh'
