[2.368s] DEBUG:colcon:Command line arguments: ['/usr/bin/colcon', 'build', '--symlink-install']
[2.370s] DEBUG:colcon:Parsed command line arguments: Namespace(log_base=None, log_level=None, verb_name='build', build_base='build', install_base='install', merge_install=False, symlink_install=True, test_result_base=None, continue_on_error=False, executor='parallel', parallel_workers=4, event_handlers=None, ignore_user_meta=False, metas=['./colcon.meta'], base_paths=['.'], packages_ignore=None, packages_ignore_regex=None, paths=None, packages_up_to=None, packages_up_to_regex=None, packages_above=None, packages_above_and_dependencies=None, packages_above_depth=None, packages_select_by_dep=None, packages_skip_by_dep=None, packages_skip_up_to=None, packages_select_build_failed=False, packages_skip_build_finished=False, packages_select_test_failures=False, packages_skip_test_passed=False, packages_select=None, packages_skip=None, packages_select_regex=None, packages_skip_regex=None, packages_start=None, packages_end=None, allow_overriding=[], cmake_args=None, cmake_target=None, cmake_target_skip_unavailable=False, cmake_clean_cache=False, cmake_clean_first=False, cmake_force_configure=False, ament_cmake_args=None, catkin_cmake_args=None, catkin_skip_building_tests=False, verb_parser=<colcon_defaults.argument_parser.defaults.DefaultArgumentsDecorator object at 0xffff90fff400>, verb_extension=<colcon_core.verb.build.BuildVerb object at 0xffff90ffeef0>, main=<bound method BuildVerb.main of <colcon_core.verb.build.BuildVerb object at 0xffff90ffeef0>>)
[4.962s] Level 1:colcon.colcon_core.package_discovery:discover_packages(colcon_meta) check parameters
[4.963s] Level 1:colcon.colcon_core.package_discovery:discover_packages(recursive) check parameters
[4.964s] Level 1:colcon.colcon_core.package_discovery:discover_packages(ignore) check parameters
[4.964s] Level 1:colcon.colcon_core.package_discovery:discover_packages(path) check parameters
[4.965s] Level 1:colcon.colcon_core.package_discovery:discover_packages(colcon_meta) discover
[4.965s] Level 1:colcon.colcon_core.package_discovery:discover_packages(recursive) discover
[4.966s] INFO:colcon.colcon_core.package_discovery:Crawling recursively for packages in '/home/radxa/MyDroid/ros2_ws'
[4.967s] Level 1:colcon.colcon_core.package_identification:_identify(.) by extensions ['ignore', 'ignore_ament_install']
[4.968s] Level 1:colcon.colcon_core.package_identification:_identify(.) by extension 'ignore'
[4.969s] Level 1:colcon.colcon_core.package_identification:_identify(.) by extension 'ignore_ament_install'
[4.970s] Level 1:colcon.colcon_core.package_identification:_identify(.) by extensions ['colcon_pkg']
[4.970s] Level 1:colcon.colcon_core.package_identification:_identify(.) by extension 'colcon_pkg'
[4.971s] Level 1:colcon.colcon_core.package_identification:_identify(.) by extensions ['colcon_meta']
[4.972s] Level 1:colcon.colcon_core.package_identification:_identify(.) by extension 'colcon_meta'
[4.973s] Level 1:colcon.colcon_core.package_identification:_identify(.) by extensions ['ros']
[4.974s] Level 1:colcon.colcon_core.package_identification:_identify(.) by extension 'ros'
[5.137s] Level 1:colcon.colcon_core.package_identification:_identify(.) by extensions ['cmake', 'python']
[5.138s] Level 1:colcon.colcon_core.package_identification:_identify(.) by extension 'cmake'
[5.139s] Level 1:colcon.colcon_core.package_identification:_identify(.) by extension 'python'
[5.140s] Level 1:colcon.colcon_core.package_identification:_identify(.) by extensions ['python_setup_py']
[5.141s] Level 1:colcon.colcon_core.package_identification:_identify(.) by extension 'python_setup_py'
[5.142s] Level 1:colcon.colcon_core.package_identification:_identify(build) by extensions ['ignore', 'ignore_ament_install']
[5.143s] Level 1:colcon.colcon_core.package_identification:_identify(build) by extension 'ignore'
[5.145s] Level 1:colcon.colcon_core.package_identification:_identify(build) ignored
[5.147s] Level 1:colcon.colcon_core.package_identification:_identify(install) by extensions ['ignore', 'ignore_ament_install']
[5.149s] Level 1:colcon.colcon_core.package_identification:_identify(install) by extension 'ignore'
[5.150s] Level 1:colcon.colcon_core.package_identification:_identify(install) ignored
[5.152s] Level 1:colcon.colcon_core.package_identification:_identify(log) by extensions ['ignore', 'ignore_ament_install']
[5.153s] Level 1:colcon.colcon_core.package_identification:_identify(log) by extension 'ignore'
[5.154s] Level 1:colcon.colcon_core.package_identification:_identify(log) ignored
[5.155s] Level 1:colcon.colcon_core.package_identification:_identify(src) by extensions ['ignore', 'ignore_ament_install']
[5.156s] Level 1:colcon.colcon_core.package_identification:_identify(src) by extension 'ignore'
[5.157s] Level 1:colcon.colcon_core.package_identification:_identify(src) by extension 'ignore_ament_install'
[5.157s] Level 1:colcon.colcon_core.package_identification:_identify(src) by extensions ['colcon_pkg']
[5.158s] Level 1:colcon.colcon_core.package_identification:_identify(src) by extension 'colcon_pkg'
[5.159s] Level 1:colcon.colcon_core.package_identification:_identify(src) by extensions ['colcon_meta']
[5.159s] Level 1:colcon.colcon_core.package_identification:_identify(src) by extension 'colcon_meta'
[5.160s] Level 1:colcon.colcon_core.package_identification:_identify(src) by extensions ['ros']
[5.160s] Level 1:colcon.colcon_core.package_identification:_identify(src) by extension 'ros'
[5.161s] Level 1:colcon.colcon_core.package_identification:_identify(src) by extensions ['cmake', 'python']
[5.162s] Level 1:colcon.colcon_core.package_identification:_identify(src) by extension 'cmake'
[5.163s] Level 1:colcon.colcon_core.package_identification:_identify(src) by extension 'python'
[5.163s] Level 1:colcon.colcon_core.package_identification:_identify(src) by extensions ['python_setup_py']
[5.164s] Level 1:colcon.colcon_core.package_identification:_identify(src) by extension 'python_setup_py'
[5.165s] Level 1:colcon.colcon_core.package_identification:_identify(src/visual_following_car) by extensions ['ignore', 'ignore_ament_install']
[5.166s] Level 1:colcon.colcon_core.package_identification:_identify(src/visual_following_car) by extension 'ignore'
[5.167s] Level 1:colcon.colcon_core.package_identification:_identify(src/visual_following_car) by extension 'ignore_ament_install'
[5.168s] Level 1:colcon.colcon_core.package_identification:_identify(src/visual_following_car) by extensions ['colcon_pkg']
[5.169s] Level 1:colcon.colcon_core.package_identification:_identify(src/visual_following_car) by extension 'colcon_pkg'
[5.169s] Level 1:colcon.colcon_core.package_identification:_identify(src/visual_following_car) by extensions ['colcon_meta']
[5.170s] Level 1:colcon.colcon_core.package_identification:_identify(src/visual_following_car) by extension 'colcon_meta'
[5.171s] Level 1:colcon.colcon_core.package_identification:_identify(src/visual_following_car) by extensions ['ros']
[5.171s] Level 1:colcon.colcon_core.package_identification:_identify(src/visual_following_car) by extension 'ros'
[5.210s] DEBUG:colcon.colcon_core.package_identification:Package 'src/visual_following_car' with type 'ros.ament_python' and name 'visual_following_car'
[5.212s] Level 1:colcon.colcon_core.package_discovery:discover_packages(recursive) using defaults
[5.214s] Level 1:colcon.colcon_core.package_discovery:discover_packages(ignore) discover
[5.215s] Level 1:colcon.colcon_core.package_discovery:discover_packages(ignore) using defaults
[5.215s] Level 1:colcon.colcon_core.package_discovery:discover_packages(path) discover
[5.216s] Level 1:colcon.colcon_core.package_discovery:discover_packages(path) using defaults
[5.468s] Level 1:colcon.colcon_core.package_discovery:discover_packages(prefix_path) check parameters
[5.469s] Level 1:colcon.colcon_core.package_discovery:discover_packages(prefix_path) discover
[5.507s] DEBUG:colcon.colcon_installed_package_information.package_discovery:Found 1 installed packages in /home/radxa/MyDroid/ros2_ws/install
[5.520s] DEBUG:colcon.colcon_installed_package_information.package_discovery:Found 280 installed packages in /opt/ros/humble
[5.536s] Level 1:colcon.colcon_core.package_discovery:discover_packages(prefix_path) using defaults
[6.477s] Level 5:colcon.colcon_core.verb:set package 'visual_following_car' build argument 'cmake_args' from command line to 'None'
[6.477s] Level 5:colcon.colcon_core.verb:set package 'visual_following_car' build argument 'cmake_target' from command line to 'None'
[6.478s] Level 5:colcon.colcon_core.verb:set package 'visual_following_car' build argument 'cmake_target_skip_unavailable' from command line to 'False'
[6.479s] Level 5:colcon.colcon_core.verb:set package 'visual_following_car' build argument 'cmake_clean_cache' from command line to 'False'
[6.480s] Level 5:colcon.colcon_core.verb:set package 'visual_following_car' build argument 'cmake_clean_first' from command line to 'False'
[6.480s] Level 5:colcon.colcon_core.verb:set package 'visual_following_car' build argument 'cmake_force_configure' from command line to 'False'
[6.481s] Level 5:colcon.colcon_core.verb:set package 'visual_following_car' build argument 'ament_cmake_args' from command line to 'None'
[6.481s] Level 5:colcon.colcon_core.verb:set package 'visual_following_car' build argument 'catkin_cmake_args' from command line to 'None'
[6.482s] Level 5:colcon.colcon_core.verb:set package 'visual_following_car' build argument 'catkin_skip_building_tests' from command line to 'False'
[6.482s] DEBUG:colcon.colcon_core.verb:Building package 'visual_following_car' with the following arguments: {'ament_cmake_args': None, 'build_base': '/home/radxa/MyDroid/ros2_ws/build/visual_following_car', 'catkin_cmake_args': None, 'catkin_skip_building_tests': False, 'cmake_args': None, 'cmake_clean_cache': False, 'cmake_clean_first': False, 'cmake_force_configure': False, 'cmake_target': None, 'cmake_target_skip_unavailable': False, 'install_base': '/home/radxa/MyDroid/ros2_ws/install/visual_following_car', 'merge_install': False, 'path': '/home/radxa/MyDroid/ros2_ws/src/visual_following_car', 'symlink_install': True, 'test_result_base': None}
[6.484s] INFO:colcon.colcon_core.executor:Executing jobs using 'parallel' executor
[6.494s] DEBUG:colcon.colcon_parallel_executor.executor.parallel:run_until_complete
[6.498s] INFO:colcon.colcon_ros.task.ament_python.build:Building ROS package in '/home/radxa/MyDroid/ros2_ws/src/visual_following_car' with build type 'ament_python'
[6.501s] Level 1:colcon.colcon_core.shell:create_environment_hook('visual_following_car', 'ament_prefix_path')
[6.552s] INFO:colcon.colcon_core.plugin_system:Skipping extension 'colcon_core.shell.bat': Not used on non-Windows systems
[6.553s] INFO:colcon.colcon_core.shell:Creating environment hook '/home/radxa/MyDroid/ros2_ws/install/visual_following_car/share/visual_following_car/hook/ament_prefix_path.ps1'
[6.562s] INFO:colcon.colcon_core.shell:Creating environment descriptor '/home/radxa/MyDroid/ros2_ws/install/visual_following_car/share/visual_following_car/hook/ament_prefix_path.dsv'
[6.571s] INFO:colcon.colcon_core.shell:Creating environment hook '/home/radxa/MyDroid/ros2_ws/install/visual_following_car/share/visual_following_car/hook/ament_prefix_path.sh'
[6.584s] INFO:colcon.colcon_core.shell:Skip shell extension 'powershell' for command environment: Not usable outside of PowerShell
[6.585s] DEBUG:colcon.colcon_core.shell:Skip shell extension 'dsv' for command environment
[9.909s] INFO:colcon.colcon_core.task.python.build:Building Python package in '/home/radxa/MyDroid/ros2_ws/src/visual_following_car'
[9.912s] INFO:colcon.colcon_core.shell:Skip shell extension 'powershell' for command environment: Not usable outside of PowerShell
[9.913s] DEBUG:colcon.colcon_core.shell:Skip shell extension 'dsv' for command environment
[14.015s] DEBUG:colcon.colcon_core.event_handler.log_command:Invoking command in '/home/radxa/MyDroid/ros2_ws/build/visual_following_car': PYTHONPATH=/home/radxa/MyDroid/ros2_ws/build/visual_following_car/prefix_override:/usr/lib/python3/dist-packages/colcon_core/task/python/colcon_distutils_commands:/home/radxa/MyDroid/ros2_ws/install/visual_following_car/lib/python3.10/site-packages:${PYTHONPATH} /usr/bin/python3 -W ignore:setup.py install is deprecated -W ignore:easy_install command is deprecated setup.py develop --editable --build-directory /home/radxa/MyDroid/ros2_ws/build/visual_following_car/build --no-deps symlink_data
[19.821s] Level 1:colcon.colcon_core.shell:create_environment_hook('visual_following_car', 'pythonpath_develop')
[19.827s] INFO:colcon.colcon_core.shell:Creating environment hook '/home/radxa/MyDroid/ros2_ws/build/visual_following_car/share/visual_following_car/hook/pythonpath_develop.ps1'
[19.831s] DEBUG:colcon.colcon_core.event_handler.log_command:Invoked command in '/home/radxa/MyDroid/ros2_ws/build/visual_following_car' returned '0': PYTHONPATH=/home/radxa/MyDroid/ros2_ws/build/visual_following_car/prefix_override:/usr/lib/python3/dist-packages/colcon_core/task/python/colcon_distutils_commands:/home/radxa/MyDroid/ros2_ws/install/visual_following_car/lib/python3.10/site-packages:${PYTHONPATH} /usr/bin/python3 -W ignore:setup.py install is deprecated -W ignore:easy_install command is deprecated setup.py develop --editable --build-directory /home/radxa/MyDroid/ros2_ws/build/visual_following_car/build --no-deps symlink_data
[19.838s] INFO:colcon.colcon_core.shell:Creating environment descriptor '/home/radxa/MyDroid/ros2_ws/build/visual_following_car/share/visual_following_car/hook/pythonpath_develop.dsv'
[19.842s] INFO:colcon.colcon_core.shell:Creating environment hook '/home/radxa/MyDroid/ros2_ws/build/visual_following_car/share/visual_following_car/hook/pythonpath_develop.sh'
[19.897s] Level 1:colcon.colcon_core.environment:checking '/home/radxa/MyDroid/ros2_ws/install/visual_following_car' for CMake module files
[19.902s] Level 1:colcon.colcon_core.environment:checking '/home/radxa/MyDroid/ros2_ws/install/visual_following_car' for CMake config files
[19.911s] Level 1:colcon.colcon_core.environment:checking '/home/radxa/MyDroid/ros2_ws/install/visual_following_car/lib'
[19.916s] Level 1:colcon.colcon_core.environment:checking '/home/radxa/MyDroid/ros2_ws/install/visual_following_car/bin'
[19.917s] Level 1:colcon.colcon_core.environment:checking '/home/radxa/MyDroid/ros2_ws/install/visual_following_car/lib/pkgconfig/visual_following_car.pc'
[19.920s] Level 1:colcon.colcon_core.environment:checking '/home/radxa/MyDroid/ros2_ws/install/visual_following_car/lib/python3.10/site-packages'
[19.921s] Level 1:colcon.colcon_core.shell:create_environment_hook('visual_following_car', 'pythonpath')
[19.924s] INFO:colcon.colcon_core.shell:Creating environment hook '/home/radxa/MyDroid/ros2_ws/install/visual_following_car/share/visual_following_car/hook/pythonpath.ps1'
[19.930s] INFO:colcon.colcon_core.shell:Creating environment descriptor '/home/radxa/MyDroid/ros2_ws/install/visual_following_car/share/visual_following_car/hook/pythonpath.dsv'
[19.936s] INFO:colcon.colcon_core.shell:Creating environment hook '/home/radxa/MyDroid/ros2_ws/install/visual_following_car/share/visual_following_car/hook/pythonpath.sh'
[19.945s] Level 1:colcon.colcon_core.environment:checking '/home/radxa/MyDroid/ros2_ws/install/visual_following_car/bin'
[19.947s] Level 1:colcon.colcon_core.environment:create_environment_scripts_only(visual_following_car)
[19.950s] INFO:colcon.colcon_core.shell:Creating package script '/home/radxa/MyDroid/ros2_ws/install/visual_following_car/share/visual_following_car/package.ps1'
[19.966s] INFO:colcon.colcon_core.shell:Creating package descriptor '/home/radxa/MyDroid/ros2_ws/install/visual_following_car/share/visual_following_car/package.dsv'
[19.979s] INFO:colcon.colcon_core.shell:Creating package script '/home/radxa/MyDroid/ros2_ws/install/visual_following_car/share/visual_following_car/package.sh'
[19.992s] INFO:colcon.colcon_core.shell:Creating package script '/home/radxa/MyDroid/ros2_ws/install/visual_following_car/share/visual_following_car/package.bash'
[20.002s] INFO:colcon.colcon_core.shell:Creating package script '/home/radxa/MyDroid/ros2_ws/install/visual_following_car/share/visual_following_car/package.zsh'
[20.015s] Level 1:colcon.colcon_core.environment:create_file_with_runtime_dependencies(/home/radxa/MyDroid/ros2_ws/install/visual_following_car/share/colcon-core/packages/visual_following_car)
[20.020s] DEBUG:colcon.colcon_parallel_executor.executor.parallel:closing loop
[20.028s] DEBUG:colcon.colcon_parallel_executor.executor.parallel:loop closed
[20.029s] DEBUG:colcon.colcon_parallel_executor.executor.parallel:run_until_complete finished with '0'
[20.030s] DEBUG:colcon.colcon_core.event_reactor:joining thread
[20.036s] DEBUG:colcon.colcon_core.event_reactor:joined thread
[20.039s] INFO:colcon.colcon_core.shell:Creating prefix script '/home/radxa/MyDroid/ros2_ws/install/local_setup.ps1'
[20.049s] INFO:colcon.colcon_core.shell:Creating prefix util module '/home/radxa/MyDroid/ros2_ws/install/_local_setup_util_ps1.py'
[20.071s] INFO:colcon.colcon_core.shell:Creating prefix chain script '/home/radxa/MyDroid/ros2_ws/install/setup.ps1'
[20.084s] INFO:colcon.colcon_core.shell:Creating prefix script '/home/radxa/MyDroid/ros2_ws/install/local_setup.sh'
[20.091s] INFO:colcon.colcon_core.shell:Creating prefix util module '/home/radxa/MyDroid/ros2_ws/install/_local_setup_util_sh.py'
[20.097s] INFO:colcon.colcon_core.shell:Creating prefix chain script '/home/radxa/MyDroid/ros2_ws/install/setup.sh'
[20.108s] INFO:colcon.colcon_core.shell:Creating prefix script '/home/radxa/MyDroid/ros2_ws/install/local_setup.bash'
[20.118s] INFO:colcon.colcon_core.shell:Creating prefix chain script '/home/radxa/MyDroid/ros2_ws/install/setup.bash'
[20.137s] INFO:colcon.colcon_core.shell:Creating prefix script '/home/radxa/MyDroid/ros2_ws/install/local_setup.zsh'
[20.145s] INFO:colcon.colcon_core.shell:Creating prefix chain script '/home/radxa/MyDroid/ros2_ws/install/setup.zsh'
