[1.658s] DEBUG:colcon:Command line arguments: ['/usr/bin/colcon', 'build', '--symlink-install']
[1.658s] DEBUG:colcon:Parsed command line arguments: Namespace(log_base=None, log_level=None, verb_name='build', build_base='build', install_base='install', merge_install=False, symlink_install=True, test_result_base=None, continue_on_error=False, executor='parallel', parallel_workers=4, event_handlers=None, ignore_user_meta=False, metas=['./colcon.meta'], base_paths=['.'], packages_ignore=None, packages_ignore_regex=None, paths=None, packages_up_to=None, packages_up_to_regex=None, packages_above=None, packages_above_and_dependencies=None, packages_above_depth=None, packages_select_by_dep=None, packages_skip_by_dep=None, packages_skip_up_to=None, packages_select_build_failed=False, packages_skip_build_finished=False, packages_select_test_failures=False, packages_skip_test_passed=False, packages_select=None, packages_skip=None, packages_select_regex=None, packages_skip_regex=None, packages_start=None, packages_end=None, allow_overriding=[], cmake_args=None, cmake_target=None, cmake_target_skip_unavailable=False, cmake_clean_cache=False, cmake_clean_first=False, cmake_force_configure=False, ament_cmake_args=None, catkin_cmake_args=None, catkin_skip_building_tests=False, verb_parser=<colcon_defaults.argument_parser.defaults.DefaultArgumentsDecorator object at 0xffffa012f400>, verb_extension=<colcon_core.verb.build.BuildVerb object at 0xffffa012eef0>, main=<bound method BuildVerb.main of <colcon_core.verb.build.BuildVerb object at 0xffffa012eef0>>)
[4.037s] Level 1:colcon.colcon_core.package_discovery:discover_packages(colcon_meta) check parameters
[4.038s] Level 1:colcon.colcon_core.package_discovery:discover_packages(recursive) check parameters
[4.039s] Level 1:colcon.colcon_core.package_discovery:discover_packages(ignore) check parameters
[4.040s] Level 1:colcon.colcon_core.package_discovery:discover_packages(path) check parameters
[4.040s] Level 1:colcon.colcon_core.package_discovery:discover_packages(colcon_meta) discover
[4.041s] Level 1:colcon.colcon_core.package_discovery:discover_packages(recursive) discover
[4.042s] INFO:colcon.colcon_core.package_discovery:Crawling recursively for packages in '/home/radxa/MyDroid/ros2_ws'
[4.044s] Level 1:colcon.colcon_core.package_identification:_identify(.) by extensions ['ignore', 'ignore_ament_install']
[4.046s] Level 1:colcon.colcon_core.package_identification:_identify(.) by extension 'ignore'
[4.048s] Level 1:colcon.colcon_core.package_identification:_identify(.) by extension 'ignore_ament_install'
[4.051s] Level 1:colcon.colcon_core.package_identification:_identify(.) by extensions ['colcon_pkg']
[4.052s] Level 1:colcon.colcon_core.package_identification:_identify(.) by extension 'colcon_pkg'
[4.054s] Level 1:colcon.colcon_core.package_identification:_identify(.) by extensions ['colcon_meta']
[4.055s] Level 1:colcon.colcon_core.package_identification:_identify(.) by extension 'colcon_meta'
[4.056s] Level 1:colcon.colcon_core.package_identification:_identify(.) by extensions ['ros']
[4.058s] Level 1:colcon.colcon_core.package_identification:_identify(.) by extension 'ros'
[4.209s] Level 1:colcon.colcon_core.package_identification:_identify(.) by extensions ['cmake', 'python']
[4.210s] Level 1:colcon.colcon_core.package_identification:_identify(.) by extension 'cmake'
[4.211s] Level 1:colcon.colcon_core.package_identification:_identify(.) by extension 'python'
[4.213s] Level 1:colcon.colcon_core.package_identification:_identify(.) by extensions ['python_setup_py']
[4.214s] Level 1:colcon.colcon_core.package_identification:_identify(.) by extension 'python_setup_py'
[4.217s] Level 1:colcon.colcon_core.package_identification:_identify(build) by extensions ['ignore', 'ignore_ament_install']
[4.219s] Level 1:colcon.colcon_core.package_identification:_identify(build) by extension 'ignore'
[4.220s] Level 1:colcon.colcon_core.package_identification:_identify(build) ignored
[4.223s] Level 1:colcon.colcon_core.package_identification:_identify(install) by extensions ['ignore', 'ignore_ament_install']
[4.226s] Level 1:colcon.colcon_core.package_identification:_identify(install) by extension 'ignore'
[4.227s] Level 1:colcon.colcon_core.package_identification:_identify(install) ignored
[4.230s] Level 1:colcon.colcon_core.package_identification:_identify(log) by extensions ['ignore', 'ignore_ament_install']
[4.232s] Level 1:colcon.colcon_core.package_identification:_identify(log) by extension 'ignore'
[4.234s] Level 1:colcon.colcon_core.package_identification:_identify(log) ignored
[4.236s] Level 1:colcon.colcon_core.package_identification:_identify(src) by extensions ['ignore', 'ignore_ament_install']
[4.237s] Level 1:colcon.colcon_core.package_identification:_identify(src) by extension 'ignore'
[4.238s] Level 1:colcon.colcon_core.package_identification:_identify(src) by extension 'ignore_ament_install'
[4.239s] Level 1:colcon.colcon_core.package_identification:_identify(src) by extensions ['colcon_pkg']
[4.240s] Level 1:colcon.colcon_core.package_identification:_identify(src) by extension 'colcon_pkg'
[4.241s] Level 1:colcon.colcon_core.package_identification:_identify(src) by extensions ['colcon_meta']
[4.241s] Level 1:colcon.colcon_core.package_identification:_identify(src) by extension 'colcon_meta'
[4.242s] Level 1:colcon.colcon_core.package_identification:_identify(src) by extensions ['ros']
[4.243s] Level 1:colcon.colcon_core.package_identification:_identify(src) by extension 'ros'
[4.245s] Level 1:colcon.colcon_core.package_identification:_identify(src) by extensions ['cmake', 'python']
[4.245s] Level 1:colcon.colcon_core.package_identification:_identify(src) by extension 'cmake'
[4.246s] Level 1:colcon.colcon_core.package_identification:_identify(src) by extension 'python'
[4.247s] Level 1:colcon.colcon_core.package_identification:_identify(src) by extensions ['python_setup_py']
[4.248s] Level 1:colcon.colcon_core.package_identification:_identify(src) by extension 'python_setup_py'
[4.249s] Level 1:colcon.colcon_core.package_identification:_identify(src/visual_following_car) by extensions ['ignore', 'ignore_ament_install']
[4.250s] Level 1:colcon.colcon_core.package_identification:_identify(src/visual_following_car) by extension 'ignore'
[4.251s] Level 1:colcon.colcon_core.package_identification:_identify(src/visual_following_car) by extension 'ignore_ament_install'
[4.253s] Level 1:colcon.colcon_core.package_identification:_identify(src/visual_following_car) by extensions ['colcon_pkg']
[4.253s] Level 1:colcon.colcon_core.package_identification:_identify(src/visual_following_car) by extension 'colcon_pkg'
[4.254s] Level 1:colcon.colcon_core.package_identification:_identify(src/visual_following_car) by extensions ['colcon_meta']
[4.255s] Level 1:colcon.colcon_core.package_identification:_identify(src/visual_following_car) by extension 'colcon_meta'
[4.256s] Level 1:colcon.colcon_core.package_identification:_identify(src/visual_following_car) by extensions ['ros']
[4.256s] Level 1:colcon.colcon_core.package_identification:_identify(src/visual_following_car) by extension 'ros'
[4.288s] DEBUG:colcon.colcon_core.package_identification:Package 'src/visual_following_car' with type 'ros.ament_python' and name 'visual_following_car'
[4.289s] Level 1:colcon.colcon_core.package_discovery:discover_packages(recursive) using defaults
[4.290s] Level 1:colcon.colcon_core.package_discovery:discover_packages(ignore) discover
[4.291s] Level 1:colcon.colcon_core.package_discovery:discover_packages(ignore) using defaults
[4.291s] Level 1:colcon.colcon_core.package_discovery:discover_packages(path) discover
[4.292s] Level 1:colcon.colcon_core.package_discovery:discover_packages(path) using defaults
[4.538s] Level 1:colcon.colcon_core.package_discovery:discover_packages(prefix_path) check parameters
[4.539s] Level 1:colcon.colcon_core.package_discovery:discover_packages(prefix_path) discover
[4.567s] DEBUG:colcon.colcon_installed_package_information.package_discovery:Found 1 installed packages in /home/radxa/MyDroid/ros2_ws/install
[4.581s] DEBUG:colcon.colcon_installed_package_information.package_discovery:Found 280 installed packages in /opt/ros/humble
[4.594s] Level 1:colcon.colcon_core.package_discovery:discover_packages(prefix_path) using defaults
[5.465s] Level 5:colcon.colcon_core.verb:set package 'visual_following_car' build argument 'cmake_args' from command line to 'None'
[5.466s] Level 5:colcon.colcon_core.verb:set package 'visual_following_car' build argument 'cmake_target' from command line to 'None'
[5.468s] Level 5:colcon.colcon_core.verb:set package 'visual_following_car' build argument 'cmake_target_skip_unavailable' from command line to 'False'
[5.469s] Level 5:colcon.colcon_core.verb:set package 'visual_following_car' build argument 'cmake_clean_cache' from command line to 'False'
[5.470s] Level 5:colcon.colcon_core.verb:set package 'visual_following_car' build argument 'cmake_clean_first' from command line to 'False'
[5.471s] Level 5:colcon.colcon_core.verb:set package 'visual_following_car' build argument 'cmake_force_configure' from command line to 'False'
[5.471s] Level 5:colcon.colcon_core.verb:set package 'visual_following_car' build argument 'ament_cmake_args' from command line to 'None'
[5.472s] Level 5:colcon.colcon_core.verb:set package 'visual_following_car' build argument 'catkin_cmake_args' from command line to 'None'
[5.472s] Level 5:colcon.colcon_core.verb:set package 'visual_following_car' build argument 'catkin_skip_building_tests' from command line to 'False'
[5.473s] DEBUG:colcon.colcon_core.verb:Building package 'visual_following_car' with the following arguments: {'ament_cmake_args': None, 'build_base': '/home/radxa/MyDroid/ros2_ws/build/visual_following_car', 'catkin_cmake_args': None, 'catkin_skip_building_tests': False, 'cmake_args': None, 'cmake_clean_cache': False, 'cmake_clean_first': False, 'cmake_force_configure': False, 'cmake_target': None, 'cmake_target_skip_unavailable': False, 'install_base': '/home/radxa/MyDroid/ros2_ws/install/visual_following_car', 'merge_install': False, 'path': '/home/radxa/MyDroid/ros2_ws/src/visual_following_car', 'symlink_install': True, 'test_result_base': None}
[5.475s] INFO:colcon.colcon_core.executor:Executing jobs using 'parallel' executor
[5.483s] DEBUG:colcon.colcon_parallel_executor.executor.parallel:run_until_complete
[5.486s] INFO:colcon.colcon_ros.task.ament_python.build:Building ROS package in '/home/radxa/MyDroid/ros2_ws/src/visual_following_car' with build type 'ament_python'
[5.487s] Level 1:colcon.colcon_core.shell:create_environment_hook('visual_following_car', 'ament_prefix_path')
[5.521s] INFO:colcon.colcon_core.plugin_system:Skipping extension 'colcon_core.shell.bat': Not used on non-Windows systems
[5.523s] INFO:colcon.colcon_core.shell:Creating environment hook '/home/radxa/MyDroid/ros2_ws/install/visual_following_car/share/visual_following_car/hook/ament_prefix_path.ps1'
[5.530s] INFO:colcon.colcon_core.shell:Creating environment descriptor '/home/radxa/MyDroid/ros2_ws/install/visual_following_car/share/visual_following_car/hook/ament_prefix_path.dsv'
[5.536s] INFO:colcon.colcon_core.shell:Creating environment hook '/home/radxa/MyDroid/ros2_ws/install/visual_following_car/share/visual_following_car/hook/ament_prefix_path.sh'
[5.545s] INFO:colcon.colcon_core.shell:Skip shell extension 'powershell' for command environment: Not usable outside of PowerShell
[5.545s] DEBUG:colcon.colcon_core.shell:Skip shell extension 'dsv' for command environment
[8.255s] INFO:colcon.colcon_core.task.python.build:Building Python package in '/home/radxa/MyDroid/ros2_ws/src/visual_following_car'
[8.260s] INFO:colcon.colcon_core.shell:Skip shell extension 'powershell' for command environment: Not usable outside of PowerShell
[8.261s] DEBUG:colcon.colcon_core.shell:Skip shell extension 'dsv' for command environment
[11.905s] DEBUG:colcon.colcon_core.event_handler.log_command:Invoking command in '/home/radxa/MyDroid/ros2_ws/build/visual_following_car': PYTHONPATH=/home/radxa/MyDroid/ros2_ws/build/visual_following_car/prefix_override:/usr/lib/python3/dist-packages/colcon_core/task/python/colcon_distutils_commands:/home/radxa/MyDroid/ros2_ws/install/visual_following_car/lib/python3.10/site-packages:${PYTHONPATH} /usr/bin/python3 -W ignore:setup.py install is deprecated -W ignore:easy_install command is deprecated setup.py develop --editable --build-directory /home/radxa/MyDroid/ros2_ws/build/visual_following_car/build --no-deps symlink_data
[17.083s] Level 1:colcon.colcon_core.shell:create_environment_hook('visual_following_car', 'pythonpath_develop')
[17.086s] INFO:colcon.colcon_core.shell:Creating environment hook '/home/radxa/MyDroid/ros2_ws/build/visual_following_car/share/visual_following_car/hook/pythonpath_develop.ps1'
[17.090s] DEBUG:colcon.colcon_core.event_handler.log_command:Invoked command in '/home/radxa/MyDroid/ros2_ws/build/visual_following_car' returned '0': PYTHONPATH=/home/radxa/MyDroid/ros2_ws/build/visual_following_car/prefix_override:/usr/lib/python3/dist-packages/colcon_core/task/python/colcon_distutils_commands:/home/radxa/MyDroid/ros2_ws/install/visual_following_car/lib/python3.10/site-packages:${PYTHONPATH} /usr/bin/python3 -W ignore:setup.py install is deprecated -W ignore:easy_install command is deprecated setup.py develop --editable --build-directory /home/radxa/MyDroid/ros2_ws/build/visual_following_car/build --no-deps symlink_data
[17.094s] INFO:colcon.colcon_core.shell:Creating environment descriptor '/home/radxa/MyDroid/ros2_ws/build/visual_following_car/share/visual_following_car/hook/pythonpath_develop.dsv'
[17.099s] INFO:colcon.colcon_core.shell:Creating environment hook '/home/radxa/MyDroid/ros2_ws/build/visual_following_car/share/visual_following_car/hook/pythonpath_develop.sh'
[17.143s] Level 1:colcon.colcon_core.environment:checking '/home/radxa/MyDroid/ros2_ws/install/visual_following_car' for CMake module files
[17.147s] Level 1:colcon.colcon_core.environment:checking '/home/radxa/MyDroid/ros2_ws/install/visual_following_car' for CMake config files
[17.152s] Level 1:colcon.colcon_core.environment:checking '/home/radxa/MyDroid/ros2_ws/install/visual_following_car/lib'
[17.154s] Level 1:colcon.colcon_core.environment:checking '/home/radxa/MyDroid/ros2_ws/install/visual_following_car/bin'
[17.155s] Level 1:colcon.colcon_core.environment:checking '/home/radxa/MyDroid/ros2_ws/install/visual_following_car/lib/pkgconfig/visual_following_car.pc'
[17.158s] Level 1:colcon.colcon_core.environment:checking '/home/radxa/MyDroid/ros2_ws/install/visual_following_car/lib/python3.10/site-packages'
[17.158s] Level 1:colcon.colcon_core.shell:create_environment_hook('visual_following_car', 'pythonpath')
[17.161s] INFO:colcon.colcon_core.shell:Creating environment hook '/home/radxa/MyDroid/ros2_ws/install/visual_following_car/share/visual_following_car/hook/pythonpath.ps1'
[17.165s] INFO:colcon.colcon_core.shell:Creating environment descriptor '/home/radxa/MyDroid/ros2_ws/install/visual_following_car/share/visual_following_car/hook/pythonpath.dsv'
[17.169s] INFO:colcon.colcon_core.shell:Creating environment hook '/home/radxa/MyDroid/ros2_ws/install/visual_following_car/share/visual_following_car/hook/pythonpath.sh'
[17.175s] Level 1:colcon.colcon_core.environment:checking '/home/radxa/MyDroid/ros2_ws/install/visual_following_car/bin'
[17.176s] Level 1:colcon.colcon_core.environment:create_environment_scripts_only(visual_following_car)
[17.179s] INFO:colcon.colcon_core.shell:Creating package script '/home/radxa/MyDroid/ros2_ws/install/visual_following_car/share/visual_following_car/package.ps1'
[17.190s] INFO:colcon.colcon_core.shell:Creating package descriptor '/home/radxa/MyDroid/ros2_ws/install/visual_following_car/share/visual_following_car/package.dsv'
[17.197s] INFO:colcon.colcon_core.shell:Creating package script '/home/radxa/MyDroid/ros2_ws/install/visual_following_car/share/visual_following_car/package.sh'
[17.206s] INFO:colcon.colcon_core.shell:Creating package script '/home/radxa/MyDroid/ros2_ws/install/visual_following_car/share/visual_following_car/package.bash'
[17.214s] INFO:colcon.colcon_core.shell:Creating package script '/home/radxa/MyDroid/ros2_ws/install/visual_following_car/share/visual_following_car/package.zsh'
[17.221s] Level 1:colcon.colcon_core.environment:create_file_with_runtime_dependencies(/home/radxa/MyDroid/ros2_ws/install/visual_following_car/share/colcon-core/packages/visual_following_car)
[17.224s] DEBUG:colcon.colcon_parallel_executor.executor.parallel:closing loop
[17.226s] DEBUG:colcon.colcon_parallel_executor.executor.parallel:loop closed
[17.228s] DEBUG:colcon.colcon_parallel_executor.executor.parallel:run_until_complete finished with '0'
[17.229s] DEBUG:colcon.colcon_core.event_reactor:joining thread
[17.231s] DEBUG:colcon.colcon_core.event_reactor:joined thread
[17.233s] INFO:colcon.colcon_core.shell:Creating prefix script '/home/radxa/MyDroid/ros2_ws/install/local_setup.ps1'
[17.242s] INFO:colcon.colcon_core.shell:Creating prefix util module '/home/radxa/MyDroid/ros2_ws/install/_local_setup_util_ps1.py'
[17.254s] INFO:colcon.colcon_core.shell:Creating prefix chain script '/home/radxa/MyDroid/ros2_ws/install/setup.ps1'
[17.265s] INFO:colcon.colcon_core.shell:Creating prefix script '/home/radxa/MyDroid/ros2_ws/install/local_setup.sh'
[17.272s] INFO:colcon.colcon_core.shell:Creating prefix util module '/home/radxa/MyDroid/ros2_ws/install/_local_setup_util_sh.py'
[17.277s] INFO:colcon.colcon_core.shell:Creating prefix chain script '/home/radxa/MyDroid/ros2_ws/install/setup.sh'
[17.287s] INFO:colcon.colcon_core.shell:Creating prefix script '/home/radxa/MyDroid/ros2_ws/install/local_setup.bash'
[17.293s] INFO:colcon.colcon_core.shell:Creating prefix chain script '/home/radxa/MyDroid/ros2_ws/install/setup.bash'
[17.302s] INFO:colcon.colcon_core.shell:Creating prefix script '/home/radxa/MyDroid/ros2_ws/install/local_setup.zsh'
[17.309s] INFO:colcon.colcon_core.shell:Creating prefix chain script '/home/radxa/MyDroid/ros2_ws/install/setup.zsh'
