[2.550s] DEBUG:colcon:Command line arguments: ['/usr/bin/colcon', 'build', '--symlink-install']
[2.551s] DEBUG:colcon:Parsed command line arguments: Namespace(log_base=None, log_level=None, verb_name='build', build_base='build', install_base='install', merge_install=False, symlink_install=True, test_result_base=None, continue_on_error=False, executor='parallel', parallel_workers=4, event_handlers=None, ignore_user_meta=False, metas=['./colcon.meta'], base_paths=['.'], packages_ignore=None, packages_ignore_regex=None, paths=None, packages_up_to=None, packages_up_to_regex=None, packages_above=None, packages_above_and_dependencies=None, packages_above_depth=None, packages_select_by_dep=None, packages_skip_by_dep=None, packages_skip_up_to=None, packages_select_build_failed=False, packages_skip_build_finished=False, packages_select_test_failures=False, packages_skip_test_passed=False, packages_select=None, packages_skip=None, packages_select_regex=None, packages_skip_regex=None, packages_start=None, packages_end=None, allow_overriding=[], cmake_args=None, cmake_target=None, cmake_target_skip_unavailable=False, cmake_clean_cache=False, cmake_clean_first=False, cmake_force_configure=False, ament_cmake_args=None, catkin_cmake_args=None, catkin_skip_building_tests=False, verb_parser=<colcon_defaults.argument_parser.defaults.DefaultArgumentsDecorator object at 0xffff80baf400>, verb_extension=<colcon_core.verb.build.BuildVerb object at 0xffff80baeef0>, main=<bound method BuildVerb.main of <colcon_core.verb.build.BuildVerb object at 0xffff80baeef0>>)
[5.211s] Level 1:colcon.colcon_core.package_discovery:discover_packages(colcon_meta) check parameters
[5.213s] Level 1:colcon.colcon_core.package_discovery:discover_packages(recursive) check parameters
[5.213s] Level 1:colcon.colcon_core.package_discovery:discover_packages(ignore) check parameters
[5.214s] Level 1:colcon.colcon_core.package_discovery:discover_packages(path) check parameters
[5.214s] Level 1:colcon.colcon_core.package_discovery:discover_packages(colcon_meta) discover
[5.215s] Level 1:colcon.colcon_core.package_discovery:discover_packages(recursive) discover
[5.216s] INFO:colcon.colcon_core.package_discovery:Crawling recursively for packages in '/home/radxa/MyDroid/ros2_ws'
[5.217s] Level 1:colcon.colcon_core.package_identification:_identify(.) by extensions ['ignore', 'ignore_ament_install']
[5.220s] Level 1:colcon.colcon_core.package_identification:_identify(.) by extension 'ignore'
[5.221s] Level 1:colcon.colcon_core.package_identification:_identify(.) by extension 'ignore_ament_install'
[5.223s] Level 1:colcon.colcon_core.package_identification:_identify(.) by extensions ['colcon_pkg']
[5.224s] Level 1:colcon.colcon_core.package_identification:_identify(.) by extension 'colcon_pkg'
[5.225s] Level 1:colcon.colcon_core.package_identification:_identify(.) by extensions ['colcon_meta']
[5.227s] Level 1:colcon.colcon_core.package_identification:_identify(.) by extension 'colcon_meta'
[5.228s] Level 1:colcon.colcon_core.package_identification:_identify(.) by extensions ['ros']
[5.229s] Level 1:colcon.colcon_core.package_identification:_identify(.) by extension 'ros'
[5.384s] Level 1:colcon.colcon_core.package_identification:_identify(.) by extensions ['cmake', 'python']
[5.385s] Level 1:colcon.colcon_core.package_identification:_identify(.) by extension 'cmake'
[5.387s] Level 1:colcon.colcon_core.package_identification:_identify(.) by extension 'python'
[5.388s] Level 1:colcon.colcon_core.package_identification:_identify(.) by extensions ['python_setup_py']
[5.389s] Level 1:colcon.colcon_core.package_identification:_identify(.) by extension 'python_setup_py'
[5.390s] Level 1:colcon.colcon_core.package_identification:_identify(build) by extensions ['ignore', 'ignore_ament_install']
[5.393s] Level 1:colcon.colcon_core.package_identification:_identify(build) by extension 'ignore'
[5.394s] Level 1:colcon.colcon_core.package_identification:_identify(build) ignored
[5.396s] Level 1:colcon.colcon_core.package_identification:_identify(install) by extensions ['ignore', 'ignore_ament_install']
[5.398s] Level 1:colcon.colcon_core.package_identification:_identify(install) by extension 'ignore'
[5.400s] Level 1:colcon.colcon_core.package_identification:_identify(install) ignored
[5.402s] Level 1:colcon.colcon_core.package_identification:_identify(log) by extensions ['ignore', 'ignore_ament_install']
[5.403s] Level 1:colcon.colcon_core.package_identification:_identify(log) by extension 'ignore'
[5.404s] Level 1:colcon.colcon_core.package_identification:_identify(log) ignored
[5.405s] Level 1:colcon.colcon_core.package_identification:_identify(src) by extensions ['ignore', 'ignore_ament_install']
[5.406s] Level 1:colcon.colcon_core.package_identification:_identify(src) by extension 'ignore'
[5.407s] Level 1:colcon.colcon_core.package_identification:_identify(src) by extension 'ignore_ament_install'
[5.408s] Level 1:colcon.colcon_core.package_identification:_identify(src) by extensions ['colcon_pkg']
[5.409s] Level 1:colcon.colcon_core.package_identification:_identify(src) by extension 'colcon_pkg'
[5.409s] Level 1:colcon.colcon_core.package_identification:_identify(src) by extensions ['colcon_meta']
[5.410s] Level 1:colcon.colcon_core.package_identification:_identify(src) by extension 'colcon_meta'
[5.411s] Level 1:colcon.colcon_core.package_identification:_identify(src) by extensions ['ros']
[5.411s] Level 1:colcon.colcon_core.package_identification:_identify(src) by extension 'ros'
[5.412s] Level 1:colcon.colcon_core.package_identification:_identify(src) by extensions ['cmake', 'python']
[5.413s] Level 1:colcon.colcon_core.package_identification:_identify(src) by extension 'cmake'
[5.414s] Level 1:colcon.colcon_core.package_identification:_identify(src) by extension 'python'
[5.416s] Level 1:colcon.colcon_core.package_identification:_identify(src) by extensions ['python_setup_py']
[5.417s] Level 1:colcon.colcon_core.package_identification:_identify(src) by extension 'python_setup_py'
[5.419s] Level 1:colcon.colcon_core.package_identification:_identify(src/visual_following_car) by extensions ['ignore', 'ignore_ament_install']
[5.421s] Level 1:colcon.colcon_core.package_identification:_identify(src/visual_following_car) by extension 'ignore'
[5.423s] Level 1:colcon.colcon_core.package_identification:_identify(src/visual_following_car) by extension 'ignore_ament_install'
[5.425s] Level 1:colcon.colcon_core.package_identification:_identify(src/visual_following_car) by extensions ['colcon_pkg']
[5.426s] Level 1:colcon.colcon_core.package_identification:_identify(src/visual_following_car) by extension 'colcon_pkg'
[5.426s] Level 1:colcon.colcon_core.package_identification:_identify(src/visual_following_car) by extensions ['colcon_meta']
[5.427s] Level 1:colcon.colcon_core.package_identification:_identify(src/visual_following_car) by extension 'colcon_meta'
[5.428s] Level 1:colcon.colcon_core.package_identification:_identify(src/visual_following_car) by extensions ['ros']
[5.429s] Level 1:colcon.colcon_core.package_identification:_identify(src/visual_following_car) by extension 'ros'
[5.460s] DEBUG:colcon.colcon_core.package_identification:Package 'src/visual_following_car' with type 'ros.ament_python' and name 'visual_following_car'
[5.460s] Level 1:colcon.colcon_core.package_discovery:discover_packages(recursive) using defaults
[5.461s] Level 1:colcon.colcon_core.package_discovery:discover_packages(ignore) discover
[5.462s] Level 1:colcon.colcon_core.package_discovery:discover_packages(ignore) using defaults
[5.462s] Level 1:colcon.colcon_core.package_discovery:discover_packages(path) discover
[5.462s] Level 1:colcon.colcon_core.package_discovery:discover_packages(path) using defaults
[5.729s] Level 1:colcon.colcon_core.package_discovery:discover_packages(prefix_path) check parameters
[5.730s] Level 1:colcon.colcon_core.package_discovery:discover_packages(prefix_path) discover
[5.757s] DEBUG:colcon.colcon_installed_package_information.package_discovery:Found 1 installed packages in /home/radxa/MyDroid/ros2_ws/install
[5.776s] DEBUG:colcon.colcon_installed_package_information.package_discovery:Found 280 installed packages in /opt/ros/humble
[5.790s] Level 1:colcon.colcon_core.package_discovery:discover_packages(prefix_path) using defaults
[6.690s] Level 5:colcon.colcon_core.verb:set package 'visual_following_car' build argument 'cmake_args' from command line to 'None'
[6.692s] Level 5:colcon.colcon_core.verb:set package 'visual_following_car' build argument 'cmake_target' from command line to 'None'
[6.693s] Level 5:colcon.colcon_core.verb:set package 'visual_following_car' build argument 'cmake_target_skip_unavailable' from command line to 'False'
[6.694s] Level 5:colcon.colcon_core.verb:set package 'visual_following_car' build argument 'cmake_clean_cache' from command line to 'False'
[6.694s] Level 5:colcon.colcon_core.verb:set package 'visual_following_car' build argument 'cmake_clean_first' from command line to 'False'
[6.695s] Level 5:colcon.colcon_core.verb:set package 'visual_following_car' build argument 'cmake_force_configure' from command line to 'False'
[6.695s] Level 5:colcon.colcon_core.verb:set package 'visual_following_car' build argument 'ament_cmake_args' from command line to 'None'
[6.696s] Level 5:colcon.colcon_core.verb:set package 'visual_following_car' build argument 'catkin_cmake_args' from command line to 'None'
[6.696s] Level 5:colcon.colcon_core.verb:set package 'visual_following_car' build argument 'catkin_skip_building_tests' from command line to 'False'
[6.697s] DEBUG:colcon.colcon_core.verb:Building package 'visual_following_car' with the following arguments: {'ament_cmake_args': None, 'build_base': '/home/radxa/MyDroid/ros2_ws/build/visual_following_car', 'catkin_cmake_args': None, 'catkin_skip_building_tests': False, 'cmake_args': None, 'cmake_clean_cache': False, 'cmake_clean_first': False, 'cmake_force_configure': False, 'cmake_target': None, 'cmake_target_skip_unavailable': False, 'install_base': '/home/radxa/MyDroid/ros2_ws/install/visual_following_car', 'merge_install': False, 'path': '/home/radxa/MyDroid/ros2_ws/src/visual_following_car', 'symlink_install': True, 'test_result_base': None}
[6.698s] INFO:colcon.colcon_core.executor:Executing jobs using 'parallel' executor
[6.706s] DEBUG:colcon.colcon_parallel_executor.executor.parallel:run_until_complete
[6.709s] INFO:colcon.colcon_ros.task.ament_python.build:Building ROS package in '/home/radxa/MyDroid/ros2_ws/src/visual_following_car' with build type 'ament_python'
[6.711s] Level 1:colcon.colcon_core.shell:create_environment_hook('visual_following_car', 'ament_prefix_path')
[6.752s] INFO:colcon.colcon_core.plugin_system:Skipping extension 'colcon_core.shell.bat': Not used on non-Windows systems
[6.753s] INFO:colcon.colcon_core.shell:Creating environment hook '/home/radxa/MyDroid/ros2_ws/install/visual_following_car/share/visual_following_car/hook/ament_prefix_path.ps1'
[6.762s] INFO:colcon.colcon_core.shell:Creating environment descriptor '/home/radxa/MyDroid/ros2_ws/install/visual_following_car/share/visual_following_car/hook/ament_prefix_path.dsv'
[6.770s] INFO:colcon.colcon_core.shell:Creating environment hook '/home/radxa/MyDroid/ros2_ws/install/visual_following_car/share/visual_following_car/hook/ament_prefix_path.sh'
[6.783s] INFO:colcon.colcon_core.shell:Skip shell extension 'powershell' for command environment: Not usable outside of PowerShell
[6.784s] DEBUG:colcon.colcon_core.shell:Skip shell extension 'dsv' for command environment
[10.273s] INFO:colcon.colcon_core.task.python.build:Building Python package in '/home/radxa/MyDroid/ros2_ws/src/visual_following_car'
[10.277s] INFO:colcon.colcon_core.shell:Skip shell extension 'powershell' for command environment: Not usable outside of PowerShell
[10.279s] DEBUG:colcon.colcon_core.shell:Skip shell extension 'dsv' for command environment
[14.601s] DEBUG:colcon.colcon_core.event_handler.log_command:Invoking command in '/home/radxa/MyDroid/ros2_ws/build/visual_following_car': PYTHONPATH=/home/radxa/MyDroid/ros2_ws/build/visual_following_car/prefix_override:/usr/lib/python3/dist-packages/colcon_core/task/python/colcon_distutils_commands:/home/radxa/MyDroid/ros2_ws/install/visual_following_car/lib/python3.10/site-packages:${PYTHONPATH} /usr/bin/python3 -W ignore:setup.py install is deprecated -W ignore:easy_install command is deprecated setup.py develop --editable --build-directory /home/radxa/MyDroid/ros2_ws/build/visual_following_car/build --no-deps symlink_data
[20.905s] Level 1:colcon.colcon_core.shell:create_environment_hook('visual_following_car', 'pythonpath_develop')
[20.914s] INFO:colcon.colcon_core.shell:Creating environment hook '/home/radxa/MyDroid/ros2_ws/build/visual_following_car/share/visual_following_car/hook/pythonpath_develop.ps1'
[20.916s] DEBUG:colcon.colcon_core.event_handler.log_command:Invoked command in '/home/radxa/MyDroid/ros2_ws/build/visual_following_car' returned '0': PYTHONPATH=/home/radxa/MyDroid/ros2_ws/build/visual_following_car/prefix_override:/usr/lib/python3/dist-packages/colcon_core/task/python/colcon_distutils_commands:/home/radxa/MyDroid/ros2_ws/install/visual_following_car/lib/python3.10/site-packages:${PYTHONPATH} /usr/bin/python3 -W ignore:setup.py install is deprecated -W ignore:easy_install command is deprecated setup.py develop --editable --build-directory /home/radxa/MyDroid/ros2_ws/build/visual_following_car/build --no-deps symlink_data
[20.922s] INFO:colcon.colcon_core.shell:Creating environment descriptor '/home/radxa/MyDroid/ros2_ws/build/visual_following_car/share/visual_following_car/hook/pythonpath_develop.dsv'
[20.928s] INFO:colcon.colcon_core.shell:Creating environment hook '/home/radxa/MyDroid/ros2_ws/build/visual_following_car/share/visual_following_car/hook/pythonpath_develop.sh'
[20.986s] Level 1:colcon.colcon_core.environment:checking '/home/radxa/MyDroid/ros2_ws/install/visual_following_car' for CMake module files
[20.992s] Level 1:colcon.colcon_core.environment:checking '/home/radxa/MyDroid/ros2_ws/install/visual_following_car' for CMake config files
[21.001s] Level 1:colcon.colcon_core.environment:checking '/home/radxa/MyDroid/ros2_ws/install/visual_following_car/lib'
[21.003s] Level 1:colcon.colcon_core.environment:checking '/home/radxa/MyDroid/ros2_ws/install/visual_following_car/bin'
[21.004s] Level 1:colcon.colcon_core.environment:checking '/home/radxa/MyDroid/ros2_ws/install/visual_following_car/lib/pkgconfig/visual_following_car.pc'
[21.006s] Level 1:colcon.colcon_core.environment:checking '/home/radxa/MyDroid/ros2_ws/install/visual_following_car/lib/python3.10/site-packages'
[21.007s] Level 1:colcon.colcon_core.shell:create_environment_hook('visual_following_car', 'pythonpath')
[21.009s] INFO:colcon.colcon_core.shell:Creating environment hook '/home/radxa/MyDroid/ros2_ws/install/visual_following_car/share/visual_following_car/hook/pythonpath.ps1'
[21.014s] INFO:colcon.colcon_core.shell:Creating environment descriptor '/home/radxa/MyDroid/ros2_ws/install/visual_following_car/share/visual_following_car/hook/pythonpath.dsv'
[21.019s] INFO:colcon.colcon_core.shell:Creating environment hook '/home/radxa/MyDroid/ros2_ws/install/visual_following_car/share/visual_following_car/hook/pythonpath.sh'
[21.031s] Level 1:colcon.colcon_core.environment:checking '/home/radxa/MyDroid/ros2_ws/install/visual_following_car/bin'
[21.034s] Level 1:colcon.colcon_core.environment:create_environment_scripts_only(visual_following_car)
[21.039s] INFO:colcon.colcon_core.shell:Creating package script '/home/radxa/MyDroid/ros2_ws/install/visual_following_car/share/visual_following_car/package.ps1'
[21.051s] INFO:colcon.colcon_core.shell:Creating package descriptor '/home/radxa/MyDroid/ros2_ws/install/visual_following_car/share/visual_following_car/package.dsv'
[21.058s] INFO:colcon.colcon_core.shell:Creating package script '/home/radxa/MyDroid/ros2_ws/install/visual_following_car/share/visual_following_car/package.sh'
[21.067s] INFO:colcon.colcon_core.shell:Creating package script '/home/radxa/MyDroid/ros2_ws/install/visual_following_car/share/visual_following_car/package.bash'
[21.079s] INFO:colcon.colcon_core.shell:Creating package script '/home/radxa/MyDroid/ros2_ws/install/visual_following_car/share/visual_following_car/package.zsh'
[21.092s] Level 1:colcon.colcon_core.environment:create_file_with_runtime_dependencies(/home/radxa/MyDroid/ros2_ws/install/visual_following_car/share/colcon-core/packages/visual_following_car)
[21.097s] DEBUG:colcon.colcon_parallel_executor.executor.parallel:closing loop
[21.101s] DEBUG:colcon.colcon_parallel_executor.executor.parallel:loop closed
[21.103s] DEBUG:colcon.colcon_parallel_executor.executor.parallel:run_until_complete finished with '0'
[21.105s] DEBUG:colcon.colcon_core.event_reactor:joining thread
[21.114s] DEBUG:colcon.colcon_core.event_reactor:joined thread
[21.117s] INFO:colcon.colcon_core.shell:Creating prefix script '/home/radxa/MyDroid/ros2_ws/install/local_setup.ps1'
[21.126s] INFO:colcon.colcon_core.shell:Creating prefix util module '/home/radxa/MyDroid/ros2_ws/install/_local_setup_util_ps1.py'
[21.141s] INFO:colcon.colcon_core.shell:Creating prefix chain script '/home/radxa/MyDroid/ros2_ws/install/setup.ps1'
[21.155s] INFO:colcon.colcon_core.shell:Creating prefix script '/home/radxa/MyDroid/ros2_ws/install/local_setup.sh'
[21.168s] INFO:colcon.colcon_core.shell:Creating prefix util module '/home/radxa/MyDroid/ros2_ws/install/_local_setup_util_sh.py'
[21.179s] INFO:colcon.colcon_core.shell:Creating prefix chain script '/home/radxa/MyDroid/ros2_ws/install/setup.sh'
[21.205s] INFO:colcon.colcon_core.shell:Creating prefix script '/home/radxa/MyDroid/ros2_ws/install/local_setup.bash'
[21.220s] INFO:colcon.colcon_core.shell:Creating prefix chain script '/home/radxa/MyDroid/ros2_ws/install/setup.bash'
[21.232s] INFO:colcon.colcon_core.shell:Creating prefix script '/home/radxa/MyDroid/ros2_ws/install/local_setup.zsh'
[21.241s] INFO:colcon.colcon_core.shell:Creating prefix chain script '/home/radxa/MyDroid/ros2_ws/install/setup.zsh'
