[5.291s] Invoking command in '/home/radxa/MyDroid/ros2_ws/build/visual_following_car': PYTHONPATH=/home/radxa/MyDroid/ros2_ws/build/visual_following_car/prefix_override:/usr/lib/python3/dist-packages/colcon_core/task/python/colcon_distutils_commands:/home/radxa/MyDroid/ros2_ws/install/visual_following_car/lib/python3.10/site-packages:${PYTHONPATH} VIRTUAL_ENV_PROMPT=(.venv) /usr/bin/python3 -W ignore:setup.py install is deprecated -W ignore:easy_install command is deprecated setup.py develop --editable --build-directory /home/radxa/MyDroid/ros2_ws/build/visual_following_car/build --no-deps symlink_data
[7.550s] running develop
[9.020s] running egg_info
[9.021s] writing visual_following_car.egg-info/PKG-INFO
[9.024s] writing dependency_links to visual_following_car.egg-info/dependency_links.txt
[9.026s] writing entry points to visual_following_car.egg-info/entry_points.txt
[9.028s] writing requirements to visual_following_car.egg-info/requires.txt
[9.030s] writing top-level names to visual_following_car.egg-info/top_level.txt
[9.043s] reading manifest file 'visual_following_car.egg-info/SOURCES.txt'
[9.051s] writing manifest file 'visual_following_car.egg-info/SOURCES.txt'
[9.063s] running build_ext
[9.066s] Creating /home/radxa/MyDroid/ros2_ws/install/visual_following_car/lib/python3.10/site-packages/visual-following-car.egg-link (link to .)
[9.075s] Installing joy_teleop_node script to /home/radxa/MyDroid/ros2_ws/install/visual_following_car/lib/visual_following_car
[9.076s] Installing mock_serial_bridge script to /home/radxa/MyDroid/ros2_ws/install/visual_following_car/lib/visual_following_car
[9.078s] Installing serial_bridge_node script to /home/radxa/MyDroid/ros2_ws/install/visual_following_car/lib/visual_following_car
[9.079s] Installing visual_follower_node script to /home/radxa/MyDroid/ros2_ws/install/visual_following_car/lib/visual_following_car
[9.081s] Installing yolo_detection_node script to /home/radxa/MyDroid/ros2_ws/install/visual_following_car/lib/visual_following_car
[9.084s] 
[9.085s] Installed /home/radxa/MyDroid/ros2_ws/build/visual_following_car
[9.086s] running symlink_data
[9.088s] symbolically linking /home/radxa/MyDroid/ros2_ws/build/visual_following_car/launch/camera_test_launch_headless.py -> /home/radxa/MyDroid/ros2_ws/install/visual_following_car/share/visual_following_car/launch
[9.445s] Invoked command in '/home/radxa/MyDroid/ros2_ws/build/visual_following_car' returned '0': PYTHONPATH=/home/radxa/MyDroid/ros2_ws/build/visual_following_car/prefix_override:/usr/lib/python3/dist-packages/colcon_core/task/python/colcon_distutils_commands:/home/radxa/MyDroid/ros2_ws/install/visual_following_car/lib/python3.10/site-packages:${PYTHONPATH} VIRTUAL_ENV_PROMPT=(.venv) /usr/bin/python3 -W ignore:setup.py install is deprecated -W ignore:easy_install command is deprecated setup.py develop --editable --build-directory /home/radxa/MyDroid/ros2_ws/build/visual_following_car/build --no-deps symlink_data
