[8.453s] Invoking command in '/home/radxa/MyDroid/ros2_ws/build/visual_following_car': PYTHONPATH=/home/radxa/MyDroid/ros2_ws/build/visual_following_car/prefix_override:/usr/lib/python3/dist-packages/colcon_core/task/python/colcon_distutils_commands:/home/radxa/MyDroid/ros2_ws/install/visual_following_car/lib/python3.10/site-packages:${PYTHONPATH} /usr/bin/python3 -W ignore:setup.py install is deprecated -W ignore:easy_install command is deprecated setup.py develop --editable --build-directory /home/radxa/MyDroid/ros2_ws/build/visual_following_car/build --no-deps symlink_data
[10.650s] running develop
[12.399s] running egg_info
[12.403s] writing visual_following_car.egg-info/PKG-INFO
[12.406s] writing dependency_links to visual_following_car.egg-info/dependency_links.txt
[12.409s] writing entry points to visual_following_car.egg-info/entry_points.txt
[12.414s] writing requirements to visual_following_car.egg-info/requires.txt
[12.415s] writing top-level names to visual_following_car.egg-info/top_level.txt
[12.427s] reading manifest file 'visual_following_car.egg-info/SOURCES.txt'
[12.436s] writing manifest file 'visual_following_car.egg-info/SOURCES.txt'
[12.448s] running build_ext
[12.451s] Creating /home/radxa/MyDroid/ros2_ws/install/visual_following_car/lib/python3.10/site-packages/visual-following-car.egg-link (link to .)
[12.458s] Installing joy_teleop_node script to /home/radxa/MyDroid/ros2_ws/install/visual_following_car/lib/visual_following_car
[12.462s] Installing mock_serial_bridge script to /home/radxa/MyDroid/ros2_ws/install/visual_following_car/lib/visual_following_car
[12.463s] Installing serial_bridge_node script to /home/radxa/MyDroid/ros2_ws/install/visual_following_car/lib/visual_following_car
[12.467s] Installing visual_follower_node script to /home/radxa/MyDroid/ros2_ws/install/visual_following_car/lib/visual_following_car
[12.468s] Installing yolo_detection_node script to /home/radxa/MyDroid/ros2_ws/install/visual_following_car/lib/visual_following_car
[12.469s] 
[12.470s] Installed /home/radxa/MyDroid/ros2_ws/build/visual_following_car
[12.471s] running symlink_data
[12.819s] Invoked command in '/home/radxa/MyDroid/ros2_ws/build/visual_following_car' returned '0': PYTHONPATH=/home/radxa/MyDroid/ros2_ws/build/visual_following_car/prefix_override:/usr/lib/python3/dist-packages/colcon_core/task/python/colcon_distutils_commands:/home/radxa/MyDroid/ros2_ws/install/visual_following_car/lib/python3.10/site-packages:${PYTHONPATH} /usr/bin/python3 -W ignore:setup.py install is deprecated -W ignore:easy_install command is deprecated setup.py develop --editable --build-directory /home/radxa/MyDroid/ros2_ws/build/visual_following_car/build --no-deps symlink_data
