running develop
running egg_info
creating visual_following_car.egg-info
writing visual_following_car.egg-info/PKG-INFO
writing dependency_links to visual_following_car.egg-info/dependency_links.txt
writing entry points to visual_following_car.egg-info/entry_points.txt
writing requirements to visual_following_car.egg-info/requires.txt
writing top-level names to visual_following_car.egg-info/top_level.txt
writing manifest file 'visual_following_car.egg-info/SOURCES.txt'
reading manifest file 'visual_following_car.egg-info/SOURCES.txt'
writing manifest file 'visual_following_car.egg-info/SOURCES.txt'
running build_ext
Creating /home/radxa/MyDroid/ros2_ws/install/visual_following_car/lib/python3.10/site-packages/visual-following-car.egg-link (link to .)
Installing joy_teleop_node script to /home/radxa/MyDroid/ros2_ws/install/visual_following_car/lib/visual_following_car
Installing mock_serial_bridge script to /home/radxa/MyDroid/ros2_ws/install/visual_following_car/lib/visual_following_car
Installing serial_bridge_node script to /home/radxa/MyDroid/ros2_ws/install/visual_following_car/lib/visual_following_car
Installing visual_follower_node script to /home/radxa/MyDroid/ros2_ws/install/visual_following_car/lib/visual_following_car
Installing yolo_detection_node script to /home/radxa/MyDroid/ros2_ws/install/visual_following_car/lib/visual_following_car

Installed /home/radxa/MyDroid/ros2_ws/build/visual_following_car
running symlink_data
creating /home/radxa/MyDroid/ros2_ws/install/visual_following_car/share/ament_index
creating /home/radxa/MyDroid/ros2_ws/install/visual_following_car/share/ament_index/resource_index
creating /home/radxa/MyDroid/ros2_ws/install/visual_following_car/share/ament_index/resource_index/packages
symbolically linking /home/radxa/MyDroid/ros2_ws/build/visual_following_car/resource/visual_following_car -> /home/radxa/MyDroid/ros2_ws/install/visual_following_car/share/ament_index/resource_index/packages
symbolically linking /home/radxa/MyDroid/ros2_ws/build/visual_following_car/package.xml -> /home/radxa/MyDroid/ros2_ws/install/visual_following_car/share/visual_following_car
symbolically linking /home/radxa/MyDroid/ros2_ws/build/visual_following_car/CMakeLists.txt -> /home/radxa/MyDroid/ros2_ws/install/visual_following_car/share/visual_following_car
symbolically linking /home/radxa/MyDroid/ros2_ws/build/visual_following_car/requirements.txt -> /home/radxa/MyDroid/ros2_ws/install/visual_following_car/share/visual_following_car
creating /home/radxa/MyDroid/ros2_ws/install/visual_following_car/share/visual_following_car/launch
symbolically linking /home/radxa/MyDroid/ros2_ws/build/visual_following_car/launch/bringup.launch.py -> /home/radxa/MyDroid/ros2_ws/install/visual_following_car/share/visual_following_car/launch
symbolically linking /home/radxa/MyDroid/ros2_ws/build/visual_following_car/launch/teleop_manual.launch.py -> /home/radxa/MyDroid/ros2_ws/install/visual_following_car/share/visual_following_car/launch
symbolically linking /home/radxa/MyDroid/ros2_ws/build/visual_following_car/launch/camera_test_launch.py -> /home/radxa/MyDroid/ros2_ws/install/visual_following_car/share/visual_following_car/launch
symbolically linking /home/radxa/MyDroid/ros2_ws/build/visual_following_car/launch/gimbal_test_launch.py -> /home/radxa/MyDroid/ros2_ws/install/visual_following_car/share/visual_following_car/launch
creating /home/radxa/MyDroid/ros2_ws/install/visual_following_car/share/visual_following_car/config
symbolically linking /home/radxa/MyDroid/ros2_ws/build/visual_following_car/config/visual_following_car.yaml -> /home/radxa/MyDroid/ros2_ws/install/visual_following_car/share/visual_following_car/config
symbolically linking /home/radxa/MyDroid/ros2_ws/build/visual_following_car/config/visual_follower.yaml -> /home/radxa/MyDroid/ros2_ws/install/visual_following_car/share/visual_following_car/config
creating /home/radxa/MyDroid/ros2_ws/install/visual_following_car/share/visual_following_car/models
symbolically linking /home/radxa/MyDroid/ros2_ws/build/visual_following_car/models/RetinaFace_mobile320.rknn -> /home/radxa/MyDroid/ros2_ws/install/visual_following_car/share/visual_following_car/models
symbolically linking /home/radxa/MyDroid/ros2_ws/build/visual_following_car/models/README.md -> /home/radxa/MyDroid/ros2_ws/install/visual_following_car/share/visual_following_car/models
