[5.636s] Invoking command in '/home/radxa/MyDroid/ros2_ws/build/visual_following_car': PYTHONPATH=/home/radxa/MyDroid/ros2_ws/build/visual_following_car/prefix_override:/usr/lib/python3/dist-packages/colcon_core/task/python/colcon_distutils_commands:/home/radxa/MyDroid/ros2_ws/install/visual_following_car/lib/python3.10/site-packages:${PYTHONPATH} VIRTUAL_ENV_PROMPT=(.venv) /usr/bin/python3 -W ignore:setup.py install is deprecated -W ignore:easy_install command is deprecated setup.py develop --editable --build-directory /home/radxa/MyDroid/ros2_ws/build/visual_following_car/build --no-deps symlink_data
[8.725s] running develop
[10.953s] running egg_info
[10.955s] creating visual_following_car.egg-info
[10.957s] writing visual_following_car.egg-info/PKG-INFO
[10.962s] writing dependency_links to visual_following_car.egg-info/dependency_links.txt
[10.965s] writing entry points to visual_following_car.egg-info/entry_points.txt
[10.966s] writing requirements to visual_following_car.egg-info/requires.txt
[10.967s] writing top-level names to visual_following_car.egg-info/top_level.txt
[10.968s] writing manifest file 'visual_following_car.egg-info/SOURCES.txt'
[10.981s] reading manifest file 'visual_following_car.egg-info/SOURCES.txt'
[10.988s] writing manifest file 'visual_following_car.egg-info/SOURCES.txt'
[11.010s] running build_ext
[11.012s] Creating /home/radxa/MyDroid/ros2_ws/install/visual_following_car/lib/python3.10/site-packages/visual-following-car.egg-link (link to .)
[11.025s] Installing joy_teleop_node script to /home/radxa/MyDroid/ros2_ws/install/visual_following_car/lib/visual_following_car
[11.027s] Installing mock_serial_bridge script to /home/radxa/MyDroid/ros2_ws/install/visual_following_car/lib/visual_following_car
[11.031s] Installing serial_bridge_node script to /home/radxa/MyDroid/ros2_ws/install/visual_following_car/lib/visual_following_car
[11.036s] Installing visual_follower_node script to /home/radxa/MyDroid/ros2_ws/install/visual_following_car/lib/visual_following_car
[11.037s] Installing yolo_detection_node script to /home/radxa/MyDroid/ros2_ws/install/visual_following_car/lib/visual_following_car
[11.040s] 
[11.046s] Installed /home/radxa/MyDroid/ros2_ws/build/visual_following_car
[11.047s] running symlink_data
[11.049s] creating /home/radxa/MyDroid/ros2_ws/install/visual_following_car/share/ament_index
[11.053s] creating /home/radxa/MyDroid/ros2_ws/install/visual_following_car/share/ament_index/resource_index
[11.054s] creating /home/radxa/MyDroid/ros2_ws/install/visual_following_car/share/ament_index/resource_index/packages
[11.059s] symbolically linking /home/radxa/MyDroid/ros2_ws/build/visual_following_car/resource/visual_following_car -> /home/radxa/MyDroid/ros2_ws/install/visual_following_car/share/ament_index/resource_index/packages
[11.061s] symbolically linking /home/radxa/MyDroid/ros2_ws/build/visual_following_car/package.xml -> /home/radxa/MyDroid/ros2_ws/install/visual_following_car/share/visual_following_car
[11.066s] symbolically linking /home/radxa/MyDroid/ros2_ws/build/visual_following_car/CMakeLists.txt -> /home/radxa/MyDroid/ros2_ws/install/visual_following_car/share/visual_following_car
[11.069s] symbolically linking /home/radxa/MyDroid/ros2_ws/build/visual_following_car/requirements.txt -> /home/radxa/MyDroid/ros2_ws/install/visual_following_car/share/visual_following_car
[11.070s] creating /home/radxa/MyDroid/ros2_ws/install/visual_following_car/share/visual_following_car/launch
[11.076s] symbolically linking /home/radxa/MyDroid/ros2_ws/build/visual_following_car/launch/bringup.launch.py -> /home/radxa/MyDroid/ros2_ws/install/visual_following_car/share/visual_following_car/launch
[11.078s] symbolically linking /home/radxa/MyDroid/ros2_ws/build/visual_following_car/launch/teleop_manual.launch.py -> /home/radxa/MyDroid/ros2_ws/install/visual_following_car/share/visual_following_car/launch
[11.080s] symbolically linking /home/radxa/MyDroid/ros2_ws/build/visual_following_car/launch/camera_test_launch.py -> /home/radxa/MyDroid/ros2_ws/install/visual_following_car/share/visual_following_car/launch
[11.081s] symbolically linking /home/radxa/MyDroid/ros2_ws/build/visual_following_car/launch/gimbal_test_launch.py -> /home/radxa/MyDroid/ros2_ws/install/visual_following_car/share/visual_following_car/launch
[11.083s] creating /home/radxa/MyDroid/ros2_ws/install/visual_following_car/share/visual_following_car/config
[11.084s] symbolically linking /home/radxa/MyDroid/ros2_ws/build/visual_following_car/config/visual_following_car.yaml -> /home/radxa/MyDroid/ros2_ws/install/visual_following_car/share/visual_following_car/config
[11.086s] symbolically linking /home/radxa/MyDroid/ros2_ws/build/visual_following_car/config/visual_follower.yaml -> /home/radxa/MyDroid/ros2_ws/install/visual_following_car/share/visual_following_car/config
[11.087s] creating /home/radxa/MyDroid/ros2_ws/install/visual_following_car/share/visual_following_car/models
[11.089s] symbolically linking /home/radxa/MyDroid/ros2_ws/build/visual_following_car/models/RetinaFace_mobile320.rknn -> /home/radxa/MyDroid/ros2_ws/install/visual_following_car/share/visual_following_car/models
[11.091s] symbolically linking /home/radxa/MyDroid/ros2_ws/build/visual_following_car/models/README.md -> /home/radxa/MyDroid/ros2_ws/install/visual_following_car/share/visual_following_car/models
[11.584s] Invoked command in '/home/radxa/MyDroid/ros2_ws/build/visual_following_car' returned '0': PYTHONPATH=/home/radxa/MyDroid/ros2_ws/build/visual_following_car/prefix_override:/usr/lib/python3/dist-packages/colcon_core/task/python/colcon_distutils_commands:/home/radxa/MyDroid/ros2_ws/install/visual_following_car/lib/python3.10/site-packages:${PYTHONPATH} VIRTUAL_ENV_PROMPT=(.venv) /usr/bin/python3 -W ignore:setup.py install is deprecated -W ignore:easy_install command is deprecated setup.py develop --editable --build-directory /home/radxa/MyDroid/ros2_ws/build/visual_following_car/build --no-deps symlink_data
